%{
%}
%%
[0-9][0-9]\/[0-1][0-9]\/[1-2][0-9]{3} {printf("valid");}
.+ {printf("invalid");}
%%

int yywrap(){}
int main()
{
yylex();
}


OUTPUT:
C:\Users\Srivi>set path=C:\Users\Srivi\GnuWin32\bin

C:\Users\Srivi>flex mobile.l.txt

C:\Users\Srivi>set path=C:\Users\MinGW\bin

C:\Users\Srivi>gcc lex.yy.c

C:\Users\Srivi>a

enter mobile number : 7093477106

 monile number valid

74854i392

 mobile number invalid
