%{ 
#include <stdio.h> 
#include <stdlib.h> 
#include <string.h> 
char alphabetList[1000] = ""; 
char numberList[1000] = "";   
%} 
 
%% 
[0-9]+  { strcat(numberList, yytext);} 
[a-zA-Z]+ { strcat(alphabetList, yytext);} 
. { printf("Invalid input: %s\n", yytext);} 
 
%% 
 
int yywrap() { 
    printf("Alphabets: %s\n", alphabetList); 
    printf("Numbers: %s\n", numberList); 
    return 1; 
} 
 
int main() { 
    char input[100]; 
    printf("Enter the input: "); 
    fgets(input, sizeof(input), stdin); 
    yy_scan_string(input); 
    yylex(); 
    return 0; 
} 




ouput:
C:\Users\Srivi>set path=C:\Users\Srivi\GnuWin32\bin

C:\Users\Srivi>flex num_id.l.txt

C:\Users\Srivi>set path=C:\Users\MinGW\bin

C:\Users\Srivi>gcc lex.yy.c

C:\Users\Srivi>a
Enter the input: rtyuio

Alphabets: rtyuio
Numbers:

C:\Users\Srivi>a
Enter the input: 34444ghds

Alphabets: ghds
Numbers: 34444
